[0.010s] Invoking command in '/home/hrishik/robot_ws/build/my_robot_controller': CMAKE_PREFIX_PATH=${CMAKE_PREFIX_PATH}:/opt/ros/humble /usr/bin/cmake --build /home/hrishik/robot_ws/build/my_robot_controller -- -j8 -l8
[0.045s] [35m[1mConsolidate compiler generated dependencies of target gps_navigator[0m
[0.045s] [35m[1mConsolidate compiler generated dependencies of target obstacle_detector[0m
[0.061s] [ 50%] [32mBuilding CXX object CMakeFiles/obstacle_detector.dir/src/obstacle_detector.cpp.o[0m
[0.061s] [ 50%] [32mBuilding CXX object CMakeFiles/gps_navigator.dir/src/gps_navigator.cpp.o[0m
[3.969s] In file included from [01m[K/usr/include/c++/11/pstl/glue_algorithm_defs.h:13[m[K,
[3.969s]                  from [01m[K/usr/include/c++/11/algorithm:74[m[K,
[3.970s]                  from [01m[K/opt/ros/humble/include/rclcpp/rclcpp/executor.hpp:18[m[K,
[3.970s]                  from [01m[K/opt/ros/humble/include/rclcpp/rclcpp/executors/multi_threaded_executor.hpp:25[m[K,
[3.970s]                  from [01m[K/opt/ros/humble/include/rclcpp/rclcpp/executors.hpp:21[m[K,
[3.970s]                  from [01m[K/opt/ros/humble/include/rclcpp/rclcpp/rclcpp.hpp:155[m[K,
[3.970s]                  from [01m[K/home/hrishik/robot_ws/src/my_robot_controller/src/gps_navigator.cpp:1[m[K:
[3.970s] /usr/include/c++/11/functional: In instantiation of ‘[01m[Kstruct std::_Bind_check_arity<void (TangentBugLite::*)(std::shared_ptr<sensor_msgs::msg::NavSatFix_<std::allocator<void> > >), TangentBugLite*>[m[K’:
[3.970s] [01m[K/usr/include/c++/11/functional:768:12:[m[K   required from ‘[01m[Kstruct std::_Bind_helper<false, void (TangentBugLite::*)(std::shared_ptr<sensor_msgs::msg::NavSatFix_<std::allocator<void> > >), TangentBugLite*>[m[K’
[3.970s] [01m[K/usr/include/c++/11/functional:789:5:[m[K   required by substitution of ‘[01m[Ktemplate<class _Func, class ... _BoundArgs> typename std::_Bind_helper<std::__is_socketlike<_Func>::value, _Func, _BoundArgs ...>::type std::bind(_Func&&, _BoundArgs&& ...) [with _Func = void (TangentBugLite::*)(std::shared_ptr<sensor_msgs::msg::NavSatFix_<std::allocator<void> > >); _BoundArgs = {TangentBugLite*}][m[K’
[3.970s] [01m[K/home/hrishik/robot_ws/src/my_robot_controller/src/gps_navigator.cpp:18:22:[m[K   required from here
[3.970s] [01m[K/usr/include/c++/11/functional:756:21:[m[K [01;31m[Kerror: [m[Kstatic assertion failed: Wrong number of arguments for pointer-to-member
[3.970s]   755 |       static_assert(_Varargs::[01;31m[Kvalue[m[K
[3.970s]       |                               [01;31m[K~~~~~[m[K
[3.970s]   756 | [01;31m[K                    ? sizeof...(_BoundArgs) >= _Arity::value + 1[m[K
[3.970s]       |                     [01;31m[K^~~~~~~~~~~~~~~~~~~~~~~~~~~~~~~~~~~~~~~~~~~~[m[K
[3.970s]   757 | [01;31m[K                    : sizeof...(_BoundArgs) == _Arity::value + 1[m[K,
[3.970s]       |                     [01;31m[K~~~~~~~~~~~~~~~~~~~~~~~~~~~~~~~~~~~~~~~~~~~~[m[K
[3.970s] [01m[K/usr/include/c++/11/functional:756:21:[m[K [01;36m[Knote: [m[K‘[01m[K(false ? (1 >= (((long unsigned int)std::integral_constant<long unsigned int, 1>::value) + 1)) : (1 == (((long unsigned int)std::integral_constant<long unsigned int, 1>::value) + 1)))[m[K’ evaluates to false
[3.974s] [01m[K/home/hrishik/robot_ws/src/my_robot_controller/src/gps_navigator.cpp:[m[K In constructor ‘[01m[KTangentBugLite::TangentBugLite()[m[K’:
[3.974s] [01m[K/home/hrishik/robot_ws/src/my_robot_controller/src/gps_navigator.cpp:16:35:[m[K [01;31m[Kerror: [m[Kno matching function for call to ‘[01m[KTangentBugLite::create_wall_timer(std::chrono::milliseconds, std::_Bind_helper<false, void (TangentBugLite::*)(std::shared_ptr<sensor_msgs::msg::NavSatFix_<std::allocator<void> > >), TangentBugLite*>::type)[m[K’
[3.974s]    16 |         timer_ = [01;31m[Kcreate_wall_timer([m[K
[3.974s]       |                  [01;31m[K~~~~~~~~~~~~~~~~~^[m[K
[3.974s]    17 | [01;31m[K            std::chrono::milliseconds(50),[m[K
[3.974s]       |             [01;31m[K~~~~~~~~~~~~~~~~~~~~~~~~~~~~~~[m[K
[3.974s]    18 | [01;31m[K            std::bind(&TangentBugLite::gps_cb, this))[m[K;
[3.974s]       |             [01;31m[K~~~~~~~~~~~~~~~~~~~~~~~~~~~~~~~~~~~~~~~~~[m[K
[3.974s] In file included from [01m[K/opt/ros/humble/include/rclcpp/rclcpp/executors/single_threaded_executor.hpp:28[m[K,
[3.974s]                  from [01m[K/opt/ros/humble/include/rclcpp/rclcpp/executors.hpp:22[m[K,
[3.974s]                  from [01m[K/opt/ros/humble/include/rclcpp/rclcpp/rclcpp.hpp:155[m[K,
[3.974s]                  from [01m[K/home/hrishik/robot_ws/src/my_robot_controller/src/gps_navigator.cpp:1[m[K:
[3.974s] [01m[K/opt/ros/humble/include/rclcpp/rclcpp/node.hpp:238:3:[m[K [01;36m[Knote: [m[Kcandidate: ‘[01m[Ktemplate<class DurationRepT, class DurationT, class CallbackT> typename rclcpp::WallTimer<CallbackT>::SharedPtr rclcpp::Node::create_wall_timer(std::chrono::duration<_Rep1, _Period1>, CallbackT, rclcpp::CallbackGroup::SharedPtr)[m[K’
[3.974s]   238 |   [01;36m[Kcreate_wall_timer[m[K(
[3.974s]       |   [01;36m[K^~~~~~~~~~~~~~~~~[m[K
[3.974s] [01m[K/opt/ros/humble/include/rclcpp/rclcpp/node.hpp:238:3:[m[K [01;36m[Knote: [m[K  template argument deduction/substitution failed:
[3.974s] In file included from [01m[K/opt/ros/humble/include/rclcpp/rclcpp/node.hpp:1321[m[K,
[3.974s]                  from [01m[K/opt/ros/humble/include/rclcpp/rclcpp/executors/single_threaded_executor.hpp:28[m[K,
[3.974s]                  from [01m[K/opt/ros/humble/include/rclcpp/rclcpp/executors.hpp:22[m[K,
[3.974s]                  from [01m[K/opt/ros/humble/include/rclcpp/rclcpp/rclcpp.hpp:155[m[K,
[3.975s]                  from [01m[K/home/hrishik/robot_ws/src/my_robot_controller/src/gps_navigator.cpp:1[m[K:
[3.975s] /opt/ros/humble/include/rclcpp/rclcpp/node_impl.hpp: In substitution of ‘[01m[Ktemplate<class DurationRepT, class DurationT, class CallbackT> typename rclcpp::WallTimer<CallbackT>::SharedPtr rclcpp::Node::create_wall_timer(std::chrono::duration<_Rep1, _Period1>, CallbackT, rclcpp::CallbackGroup::SharedPtr) [with DurationRepT = long int; DurationT = std::ratio<1, 1000>; CallbackT = std::_Bind<void (TangentBugLite::*(TangentBugLite*))(std::shared_ptr<sensor_msgs::msg::NavSatFix_<std::allocator<void> > >)>][m[K’:
[3.975s] [01m[K/home/hrishik/robot_ws/src/my_robot_controller/src/gps_navigator.cpp:16:35:[m[K   required from here
[3.975s] [01m[K/opt/ros/humble/include/rclcpp/rclcpp/node_impl.hpp:110:1:[m[K [01;31m[Kerror: [m[Kno type named ‘[01m[Ktype[m[K’ in ‘[01m[Kstruct std::enable_if<false, void>[m[K’
[3.975s]   110 | [01;31m[KNode[m[K::create_wall_timer(
[3.975s]       | [01;31m[K^~~~[m[K
[3.975s] [01m[K/opt/ros/humble/include/rclcpp/rclcpp/node_impl.hpp:110:1:[m[K [01;31m[Kerror: [m[Kno type named ‘[01m[Ktype[m[K’ in ‘[01m[Kstruct std::enable_if<false, void>[m[K’
[3.975s] [01m[K/opt/ros/humble/include/rclcpp/rclcpp/node_impl.hpp:110:1:[m[K [01;36m[Knote: [m[Kinvalid template non-type parameter
[4.170s] [01m[K/home/hrishik/robot_ws/src/my_robot_controller/src/obstacle_detector.cpp:[m[K In constructor ‘[01m[KObstacleDetectionNode::ObstacleDetectionNode()[m[K’:
[4.170s] [01m[K/home/hrishik/robot_ws/src/my_robot_controller/src/obstacle_detector.cpp:28:7:[m[K [01;31m[Kerror: [m[K‘[01m[Klast_obs_time_[m[K’ was not declared in this scope
[4.170s]    28 |       [01;31m[Klast_obs_time_[m[K = this->get_clock()->now();
[4.170s]       |       [01;31m[K^~~~~~~~~~~~~~[m[K
[4.185s] [01m[K/home/hrishik/robot_ws/src/my_robot_controller/src/obstacle_detector.cpp:29:9:[m[K [01;31m[Kerror: [m[K‘[01m[Kstate_start_time_[m[K’ was not declared in this scope
[4.185s]    29 |         [01;31m[Kstate_start_time_[m[K = this->get_clock()->now();
[4.185s]       |         [01;31m[K^~~~~~~~~~~~~~~~~[m[K
[4.223s] [01m[K/home/hrishik/robot_ws/src/my_robot_controller/src/obstacle_detector.cpp:[m[K In member function ‘[01m[Kvoid ObstacleDetectionNode::processPointCloud()[m[K’:
[4.223s] [01m[K/home/hrishik/robot_ws/src/my_robot_controller/src/obstacle_detector.cpp:115:12:[m[K [01;35m[Kwarning: [m[Kunused variable ‘[01m[Kmin_distance[m[K’ [[01;35m[K]8;;https://gcc.gnu.org/onlinedocs/gcc/Warning-Options.html#index-Wunused-variable-Wunused-variable]8;;[m[K]
[4.223s]   115 |     double [01;35m[Kmin_distance[m[K = std::numeric_limits<double>::max();
[4.223s]       |            [01;35m[K^~~~~~~~~~~~[m[K
[4.223s] [01m[K/home/hrishik/robot_ws/src/my_robot_controller/src/obstacle_detector.cpp:116:10:[m[K [01;35m[Kwarning: [m[Kunused variable ‘[01m[Kobstacle_within_range[m[K’ [[01;35m[K]8;;https://gcc.gnu.org/onlinedocs/gcc/Warning-Options.html#index-Wunused-variable-Wunused-variable]8;;[m[K]
[4.223s]   116 |     bool [01;35m[Kobstacle_within_range[m[K = false;
[4.223s]       |          [01;35m[K^~~~~~~~~~~~~~~~~~~~~[m[K
[6.650s] gmake[2]: *** [CMakeFiles/obstacle_detector.dir/build.make:76: CMakeFiles/obstacle_detector.dir/src/obstacle_detector.cpp.o] Error 1
[6.650s] gmake[1]: *** [CMakeFiles/Makefile2:165: CMakeFiles/obstacle_detector.dir/all] Error 2
[6.650s] gmake[1]: *** Waiting for unfinished jobs....
[7.573s] gmake[2]: *** [CMakeFiles/gps_navigator.dir/build.make:76: CMakeFiles/gps_navigator.dir/src/gps_navigator.cpp.o] Error 1
[7.573s] gmake[1]: *** [CMakeFiles/Makefile2:139: CMakeFiles/gps_navigator.dir/all] Error 2
[7.573s] gmake: *** [Makefile:146: all] Error 2
[7.575s] Invoked command in '/home/hrishik/robot_ws/build/my_robot_controller' returned '2': CMAKE_PREFIX_PATH=${CMAKE_PREFIX_PATH}:/opt/ros/humble /usr/bin/cmake --build /home/hrishik/robot_ws/build/my_robot_controller -- -j8 -l8
