[1.709s] DEBUG:colcon:Command line arguments: ['/usr/bin/colcon', 'build', '--packages-select', 'my_robot_controller']
[1.709s] DEBUG:colcon:Parsed command line arguments: Namespace(log_base=None, log_level=None, verb_name='build', build_base='build', install_base='install', merge_install=False, symlink_install=False, test_result_base=None, continue_on_error=False, executor='parallel', parallel_workers=8, event_handlers=None, ignore_user_meta=False, metas=['./colcon.meta'], base_paths=['.'], packages_ignore=None, packages_ignore_regex=None, paths=None, packages_up_to=None, packages_up_to_regex=None, packages_above=None, packages_above_and_dependencies=None, packages_above_depth=None, packages_select_by_dep=None, packages_skip_by_dep=None, packages_skip_up_to=None, packages_select_build_failed=False, packages_skip_build_finished=False, packages_select_test_failures=False, packages_skip_test_passed=False, packages_select=['my_robot_controller'], packages_skip=None, packages_select_regex=None, packages_skip_regex=None, packages_start=None, packages_end=None, allow_overriding=[], cmake_args=None, cmake_target=None, cmake_target_skip_unavailable=False, cmake_clean_cache=False, cmake_clean_first=False, cmake_force_configure=False, ament_cmake_args=None, catkin_cmake_args=None, catkin_skip_building_tests=False, mixin_files=None, mixin=None, verb_parser=<colcon_mixin.mixin.mixin_argument.MixinArgumentDecorator object at 0x7ffa639bd660>, verb_extension=<colcon_core.verb.build.BuildVerb object at 0x7ffa63abecb0>, main=<bound method BuildVerb.main of <colcon_core.verb.build.BuildVerb object at 0x7ffa63abecb0>>, mixin_verb=('build',))
[2.127s] Level 1:colcon.colcon_core.package_discovery:discover_packages(colcon_meta) check parameters
[2.127s] Level 1:colcon.colcon_core.package_discovery:discover_packages(recursive) check parameters
[2.127s] Level 1:colcon.colcon_core.package_discovery:discover_packages(ignore) check parameters
[2.127s] Level 1:colcon.colcon_core.package_discovery:discover_packages(path) check parameters
[2.127s] Level 1:colcon.colcon_core.package_discovery:discover_packages(colcon_meta) discover
[2.127s] Level 1:colcon.colcon_core.package_discovery:discover_packages(recursive) discover
[2.127s] INFO:colcon.colcon_core.package_discovery:Crawling recursively for packages in '/home/hrishik/robot_ws'
[2.127s] Level 1:colcon.colcon_core.package_identification:_identify(.) by extensions ['ignore', 'ignore_ament_install']
[2.128s] Level 1:colcon.colcon_core.package_identification:_identify(.) by extension 'ignore'
[2.128s] Level 1:colcon.colcon_core.package_identification:_identify(.) by extension 'ignore_ament_install'
[2.128s] Level 1:colcon.colcon_core.package_identification:_identify(.) by extensions ['colcon_pkg']
[2.128s] Level 1:colcon.colcon_core.package_identification:_identify(.) by extension 'colcon_pkg'
[2.128s] Level 1:colcon.colcon_core.package_identification:_identify(.) by extensions ['colcon_meta']
[2.128s] Level 1:colcon.colcon_core.package_identification:_identify(.) by extension 'colcon_meta'
[2.128s] Level 1:colcon.colcon_core.package_identification:_identify(.) by extensions ['ros']
[2.128s] Level 1:colcon.colcon_core.package_identification:_identify(.) by extension 'ros'
[2.154s] Level 1:colcon.colcon_core.package_identification:_identify(.) by extensions ['cmake', 'python']
[2.154s] Level 1:colcon.colcon_core.package_identification:_identify(.) by extension 'cmake'
[2.154s] Level 1:colcon.colcon_core.package_identification:_identify(.) by extension 'python'
[2.154s] Level 1:colcon.colcon_core.package_identification:_identify(.) by extensions ['python_setup_py']
[2.154s] Level 1:colcon.colcon_core.package_identification:_identify(.) by extension 'python_setup_py'
[2.155s] Level 1:colcon.colcon_core.package_identification:_identify(build) by extensions ['ignore', 'ignore_ament_install']
[2.155s] Level 1:colcon.colcon_core.package_identification:_identify(build) by extension 'ignore'
[2.155s] Level 1:colcon.colcon_core.package_identification:_identify(build) ignored
[2.155s] Level 1:colcon.colcon_core.package_identification:_identify(install) by extensions ['ignore', 'ignore_ament_install']
[2.155s] Level 1:colcon.colcon_core.package_identification:_identify(install) by extension 'ignore'
[2.155s] Level 1:colcon.colcon_core.package_identification:_identify(install) ignored
[2.156s] Level 1:colcon.colcon_core.package_identification:_identify(log) by extensions ['ignore', 'ignore_ament_install']
[2.156s] Level 1:colcon.colcon_core.package_identification:_identify(log) by extension 'ignore'
[2.156s] Level 1:colcon.colcon_core.package_identification:_identify(log) ignored
[2.156s] Level 1:colcon.colcon_core.package_identification:_identify(src) by extensions ['ignore', 'ignore_ament_install']
[2.156s] Level 1:colcon.colcon_core.package_identification:_identify(src) by extension 'ignore'
[2.156s] Level 1:colcon.colcon_core.package_identification:_identify(src) by extension 'ignore_ament_install'
[2.156s] Level 1:colcon.colcon_core.package_identification:_identify(src) by extensions ['colcon_pkg']
[2.156s] Level 1:colcon.colcon_core.package_identification:_identify(src) by extension 'colcon_pkg'
[2.156s] Level 1:colcon.colcon_core.package_identification:_identify(src) by extensions ['colcon_meta']
[2.156s] Level 1:colcon.colcon_core.package_identification:_identify(src) by extension 'colcon_meta'
[2.156s] Level 1:colcon.colcon_core.package_identification:_identify(src) by extensions ['ros']
[2.157s] Level 1:colcon.colcon_core.package_identification:_identify(src) by extension 'ros'
[2.157s] Level 1:colcon.colcon_core.package_identification:_identify(src) by extensions ['cmake', 'python']
[2.157s] Level 1:colcon.colcon_core.package_identification:_identify(src) by extension 'cmake'
[2.157s] Level 1:colcon.colcon_core.package_identification:_identify(src) by extension 'python'
[2.157s] Level 1:colcon.colcon_core.package_identification:_identify(src) by extensions ['python_setup_py']
[2.157s] Level 1:colcon.colcon_core.package_identification:_identify(src) by extension 'python_setup_py'
[2.157s] Level 1:colcon.colcon_core.package_identification:_identify(src/my_robot_controller) by extensions ['ignore', 'ignore_ament_install']
[2.157s] Level 1:colcon.colcon_core.package_identification:_identify(src/my_robot_controller) by extension 'ignore'
[2.157s] Level 1:colcon.colcon_core.package_identification:_identify(src/my_robot_controller) by extension 'ignore_ament_install'
[2.157s] Level 1:colcon.colcon_core.package_identification:_identify(src/my_robot_controller) by extensions ['colcon_pkg']
[2.157s] Level 1:colcon.colcon_core.package_identification:_identify(src/my_robot_controller) by extension 'colcon_pkg'
[2.158s] Level 1:colcon.colcon_core.package_identification:_identify(src/my_robot_controller) by extensions ['colcon_meta']
[2.158s] Level 1:colcon.colcon_core.package_identification:_identify(src/my_robot_controller) by extension 'colcon_meta'
[2.158s] Level 1:colcon.colcon_core.package_identification:_identify(src/my_robot_controller) by extensions ['ros']
[2.158s] Level 1:colcon.colcon_core.package_identification:_identify(src/my_robot_controller) by extension 'ros'
[2.164s] DEBUG:colcon.colcon_core.package_identification:Package 'src/my_robot_controller' with type 'ros.ament_cmake' and name 'my_robot_controller'
[2.164s] Level 1:colcon.colcon_core.package_discovery:discover_packages(recursive) using defaults
[2.164s] Level 1:colcon.colcon_core.package_discovery:discover_packages(ignore) discover
[2.164s] Level 1:colcon.colcon_core.package_discovery:discover_packages(ignore) using defaults
[2.164s] Level 1:colcon.colcon_core.package_discovery:discover_packages(path) discover
[2.164s] Level 1:colcon.colcon_core.package_discovery:discover_packages(path) using defaults
[2.202s] Level 1:colcon.colcon_core.package_discovery:discover_packages(prefix_path) check parameters
[2.202s] Level 1:colcon.colcon_core.package_discovery:discover_packages(prefix_path) discover
[2.204s] WARNING:colcon.colcon_ros.prefix_path.ament:The path '/home/hrishik/ros2_ws/install/ublox' in the environment variable AMENT_PREFIX_PATH doesn't exist
[2.204s] WARNING:colcon.colcon_ros.prefix_path.ament:The path '/home/hrishik/ros2_ws/install/ublox_gps' in the environment variable AMENT_PREFIX_PATH doesn't exist
[2.204s] WARNING:colcon.colcon_ros.prefix_path.ament:The path '/home/hrishik/ros2_ws/install/ublox_msgs' in the environment variable AMENT_PREFIX_PATH doesn't exist
[2.204s] WARNING:colcon.colcon_ros.prefix_path.ament:The path '/home/hrishik/ros2_ws/install/ublox_serialization' in the environment variable AMENT_PREFIX_PATH doesn't exist
[2.204s] WARNING:colcon.colcon_ros.prefix_path.ament:The path '/home/hrishik/ros2_ws/install/rtk_bridge' in the environment variable AMENT_PREFIX_PATH doesn't exist
[2.204s] WARNING:colcon.colcon_ros.prefix_path.ament:The path '/home/hrishik/ros2_ws/install/robot' in the environment variable AMENT_PREFIX_PATH doesn't exist
[2.204s] WARNING:colcon.colcon_ros.prefix_path.ament:The path '/home/hrishik/ros2_ws/install/gps_reader' in the environment variable AMENT_PREFIX_PATH doesn't exist
[2.204s] WARNING:colcon.colcon_ros.prefix_path.catkin:The path '/home/hrishik/ros2_ws/install/ublox' in the environment variable CMAKE_PREFIX_PATH doesn't exist
[2.204s] WARNING:colcon.colcon_ros.prefix_path.catkin:The path '/home/hrishik/ros2_ws/install/ublox_gps' in the environment variable CMAKE_PREFIX_PATH doesn't exist
[2.204s] WARNING:colcon.colcon_ros.prefix_path.catkin:The path '/home/hrishik/ros2_ws/install/ublox_msgs' in the environment variable CMAKE_PREFIX_PATH doesn't exist
[2.205s] WARNING:colcon.colcon_ros.prefix_path.catkin:The path '/home/hrishik/ros2_ws/install/ublox_serialization' in the environment variable CMAKE_PREFIX_PATH doesn't exist
[2.205s] WARNING:colcon.colcon_ros.prefix_path.catkin:The path '/home/hrishik/ros2_ws/install/rtk_bridge' in the environment variable CMAKE_PREFIX_PATH doesn't exist
[2.205s] WARNING:colcon.colcon_ros.prefix_path.catkin:The path '/home/hrishik/ros2_ws/install/robot' in the environment variable CMAKE_PREFIX_PATH doesn't exist
[2.205s] WARNING:colcon.colcon_ros.prefix_path.catkin:The path '/home/hrishik/ros2_ws/install/gps_reader' in the environment variable CMAKE_PREFIX_PATH doesn't exist
[2.206s] DEBUG:colcon.colcon_installed_package_information.package_discovery:Found 1 installed packages in /home/hrishik/robot_ws/install
[2.206s] DEBUG:colcon.colcon_installed_package_information.package_discovery:Found 1 installed packages in /home/hrishik/ros2_ws/install
[2.210s] DEBUG:colcon.colcon_installed_package_information.package_discovery:Found 442 installed packages in /opt/ros/humble
[2.215s] Level 1:colcon.colcon_core.package_discovery:discover_packages(prefix_path) using defaults
[2.312s] Level 5:colcon.colcon_core.verb:set package 'my_robot_controller' build argument 'cmake_args' from command line to 'None'
[2.312s] Level 5:colcon.colcon_core.verb:set package 'my_robot_controller' build argument 'cmake_target' from command line to 'None'
[2.312s] Level 5:colcon.colcon_core.verb:set package 'my_robot_controller' build argument 'cmake_target_skip_unavailable' from command line to 'False'
[2.312s] Level 5:colcon.colcon_core.verb:set package 'my_robot_controller' build argument 'cmake_clean_cache' from command line to 'False'
[2.312s] Level 5:colcon.colcon_core.verb:set package 'my_robot_controller' build argument 'cmake_clean_first' from command line to 'False'
[2.312s] Level 5:colcon.colcon_core.verb:set package 'my_robot_controller' build argument 'cmake_force_configure' from command line to 'False'
[2.312s] Level 5:colcon.colcon_core.verb:set package 'my_robot_controller' build argument 'ament_cmake_args' from command line to 'None'
[2.312s] Level 5:colcon.colcon_core.verb:set package 'my_robot_controller' build argument 'catkin_cmake_args' from command line to 'None'
[2.312s] Level 5:colcon.colcon_core.verb:set package 'my_robot_controller' build argument 'catkin_skip_building_tests' from command line to 'False'
[2.312s] DEBUG:colcon.colcon_core.verb:Building package 'my_robot_controller' with the following arguments: {'ament_cmake_args': None, 'build_base': '/home/hrishik/robot_ws/build/my_robot_controller', 'catkin_cmake_args': None, 'catkin_skip_building_tests': False, 'cmake_args': None, 'cmake_clean_cache': False, 'cmake_clean_first': False, 'cmake_force_configure': False, 'cmake_target': None, 'cmake_target_skip_unavailable': False, 'install_base': '/home/hrishik/robot_ws/install/my_robot_controller', 'merge_install': False, 'path': '/home/hrishik/robot_ws/src/my_robot_controller', 'symlink_install': False, 'test_result_base': None}
[2.313s] INFO:colcon.colcon_core.executor:Executing jobs using 'parallel' executor
[2.314s] DEBUG:colcon.colcon_parallel_executor.executor.parallel:run_until_complete
[2.315s] INFO:colcon.colcon_ros.task.ament_cmake.build:Building ROS package in '/home/hrishik/robot_ws/src/my_robot_controller' with build type 'ament_cmake'
[2.315s] INFO:colcon.colcon_cmake.task.cmake.build:Building CMake package in '/home/hrishik/robot_ws/src/my_robot_controller'
[2.318s] INFO:colcon.colcon_core.plugin_system:Skipping extension 'colcon_core.shell.bat': Not used on non-Windows systems
[2.319s] INFO:colcon.colcon_core.shell:Skip shell extension 'powershell' for command environment: Not usable outside of PowerShell
[2.319s] DEBUG:colcon.colcon_core.shell:Skip shell extension 'dsv' for command environment
[2.621s] DEBUG:colcon.colcon_core.event_handler.log_command:Invoking command in '/home/hrishik/robot_ws/build/my_robot_controller': CMAKE_PREFIX_PATH=${CMAKE_PREFIX_PATH}:/opt/ros/humble /usr/bin/cmake --build /home/hrishik/robot_ws/build/my_robot_controller -- -j8 -l8
[2.753s] DEBUG:colcon.colcon_core.event_handler.log_command:Invoked command in '/home/hrishik/robot_ws/build/my_robot_controller' returned '0': CMAKE_PREFIX_PATH=${CMAKE_PREFIX_PATH}:/opt/ros/humble /usr/bin/cmake --build /home/hrishik/robot_ws/build/my_robot_controller -- -j8 -l8
[2.771s] DEBUG:colcon.colcon_core.event_handler.log_command:Invoking command in '/home/hrishik/robot_ws/build/my_robot_controller': CMAKE_PREFIX_PATH=${CMAKE_PREFIX_PATH}:/opt/ros/humble /usr/bin/cmake --install /home/hrishik/robot_ws/build/my_robot_controller
[2.807s] Level 1:colcon.colcon_core.environment:create_environment_scripts_only(my_robot_controller)
[2.807s] DEBUG:colcon.colcon_core.event_handler.log_command:Invoked command in '/home/hrishik/robot_ws/build/my_robot_controller' returned '0': CMAKE_PREFIX_PATH=${CMAKE_PREFIX_PATH}:/opt/ros/humble /usr/bin/cmake --install /home/hrishik/robot_ws/build/my_robot_controller
[2.811s] Level 1:colcon.colcon_core.environment:checking '/home/hrishik/robot_ws/install/my_robot_controller' for CMake module files
[2.812s] Level 1:colcon.colcon_core.environment:checking '/home/hrishik/robot_ws/install/my_robot_controller' for CMake config files
[2.812s] Level 1:colcon.colcon_core.shell:create_environment_hook('my_robot_controller', 'cmake_prefix_path')
[2.812s] INFO:colcon.colcon_core.shell:Creating environment hook '/home/hrishik/robot_ws/install/my_robot_controller/share/my_robot_controller/hook/cmake_prefix_path.ps1'
[2.895s] INFO:colcon.colcon_core.shell:Creating environment descriptor '/home/hrishik/robot_ws/install/my_robot_controller/share/my_robot_controller/hook/cmake_prefix_path.dsv'
[2.896s] INFO:colcon.colcon_core.shell:Creating environment hook '/home/hrishik/robot_ws/install/my_robot_controller/share/my_robot_controller/hook/cmake_prefix_path.sh'
[2.898s] Level 1:colcon.colcon_core.environment:checking '/home/hrishik/robot_ws/install/my_robot_controller/lib'
[2.898s] Level 1:colcon.colcon_core.environment:checking '/home/hrishik/robot_ws/install/my_robot_controller/bin'
[2.898s] Level 1:colcon.colcon_core.environment:checking '/home/hrishik/robot_ws/install/my_robot_controller/lib/pkgconfig/my_robot_controller.pc'
[2.899s] Level 1:colcon.colcon_core.environment:checking '/home/hrishik/robot_ws/install/my_robot_controller/lib/python3.10/site-packages'
[2.899s] Level 1:colcon.colcon_core.environment:checking '/home/hrishik/robot_ws/install/my_robot_controller/bin'
[2.900s] INFO:colcon.colcon_core.shell:Creating package script '/home/hrishik/robot_ws/install/my_robot_controller/share/my_robot_controller/package.ps1'
[2.901s] INFO:colcon.colcon_core.shell:Creating package descriptor '/home/hrishik/robot_ws/install/my_robot_controller/share/my_robot_controller/package.dsv'
[2.902s] INFO:colcon.colcon_core.shell:Creating package script '/home/hrishik/robot_ws/install/my_robot_controller/share/my_robot_controller/package.sh'
[2.903s] INFO:colcon.colcon_core.shell:Creating package script '/home/hrishik/robot_ws/install/my_robot_controller/share/my_robot_controller/package.bash'
[2.904s] INFO:colcon.colcon_core.shell:Creating package script '/home/hrishik/robot_ws/install/my_robot_controller/share/my_robot_controller/package.zsh'
[2.906s] Level 1:colcon.colcon_core.environment:create_file_with_runtime_dependencies(/home/hrishik/robot_ws/install/my_robot_controller/share/colcon-core/packages/my_robot_controller)
[2.907s] Level 1:colcon.colcon_core.environment:create_environment_scripts_only(my_robot_controller)
[2.907s] Level 1:colcon.colcon_core.environment:checking '/home/hrishik/robot_ws/install/my_robot_controller' for CMake module files
[2.908s] Level 1:colcon.colcon_core.environment:checking '/home/hrishik/robot_ws/install/my_robot_controller' for CMake config files
[2.908s] Level 1:colcon.colcon_core.shell:create_environment_hook('my_robot_controller', 'cmake_prefix_path')
[2.909s] INFO:colcon.colcon_core.shell:Creating environment hook '/home/hrishik/robot_ws/install/my_robot_controller/share/my_robot_controller/hook/cmake_prefix_path.ps1'
[3.019s] INFO:colcon.colcon_core.shell:Creating environment descriptor '/home/hrishik/robot_ws/install/my_robot_controller/share/my_robot_controller/hook/cmake_prefix_path.dsv'
[3.025s] INFO:colcon.colcon_core.shell:Creating environment hook '/home/hrishik/robot_ws/install/my_robot_controller/share/my_robot_controller/hook/cmake_prefix_path.sh'
[3.027s] Level 1:colcon.colcon_core.environment:checking '/home/hrishik/robot_ws/install/my_robot_controller/lib'
[3.028s] Level 1:colcon.colcon_core.environment:checking '/home/hrishik/robot_ws/install/my_robot_controller/bin'
[3.028s] Level 1:colcon.colcon_core.environment:checking '/home/hrishik/robot_ws/install/my_robot_controller/lib/pkgconfig/my_robot_controller.pc'
[3.028s] Level 1:colcon.colcon_core.environment:checking '/home/hrishik/robot_ws/install/my_robot_controller/lib/python3.10/site-packages'
[3.029s] Level 1:colcon.colcon_core.environment:checking '/home/hrishik/robot_ws/install/my_robot_controller/bin'
[3.030s] INFO:colcon.colcon_core.shell:Creating package script '/home/hrishik/robot_ws/install/my_robot_controller/share/my_robot_controller/package.ps1'
[3.033s] INFO:colcon.colcon_core.shell:Creating package descriptor '/home/hrishik/robot_ws/install/my_robot_controller/share/my_robot_controller/package.dsv'
[3.036s] INFO:colcon.colcon_core.shell:Creating package script '/home/hrishik/robot_ws/install/my_robot_controller/share/my_robot_controller/package.sh'
[3.039s] INFO:colcon.colcon_core.shell:Creating package script '/home/hrishik/robot_ws/install/my_robot_controller/share/my_robot_controller/package.bash'
[3.042s] INFO:colcon.colcon_core.shell:Creating package script '/home/hrishik/robot_ws/install/my_robot_controller/share/my_robot_controller/package.zsh'
[3.043s] Level 1:colcon.colcon_core.environment:create_file_with_runtime_dependencies(/home/hrishik/robot_ws/install/my_robot_controller/share/colcon-core/packages/my_robot_controller)
[3.044s] DEBUG:colcon.colcon_parallel_executor.executor.parallel:closing loop
[3.045s] DEBUG:colcon.colcon_parallel_executor.executor.parallel:loop closed
[3.045s] DEBUG:colcon.colcon_parallel_executor.executor.parallel:run_until_complete finished with '0'
[3.045s] DEBUG:colcon.colcon_core.event_reactor:joining thread
[3.055s] INFO:colcon.colcon_core.plugin_system:Skipping extension 'colcon_notification.desktop_notification.terminal_notifier': Not used on non-Darwin systems
[3.055s] INFO:colcon.colcon_core.plugin_system:Skipping extension 'colcon_notification.desktop_notification.win32': Not used on non-Windows systems
[3.055s] INFO:colcon.colcon_notification.desktop_notification:Sending desktop notification using 'notify2'
[3.074s] DEBUG:colcon.colcon_core.event_reactor:joined thread
[3.075s] INFO:colcon.colcon_core.shell:Creating prefix script '/home/hrishik/robot_ws/install/local_setup.ps1'
[3.077s] INFO:colcon.colcon_core.shell:Creating prefix util module '/home/hrishik/robot_ws/install/_local_setup_util_ps1.py'
[3.079s] INFO:colcon.colcon_core.shell:Creating prefix chain script '/home/hrishik/robot_ws/install/setup.ps1'
[3.082s] INFO:colcon.colcon_core.shell:Creating prefix script '/home/hrishik/robot_ws/install/local_setup.sh'
[3.083s] INFO:colcon.colcon_core.shell:Creating prefix util module '/home/hrishik/robot_ws/install/_local_setup_util_sh.py'
[3.084s] INFO:colcon.colcon_core.shell:Creating prefix chain script '/home/hrishik/robot_ws/install/setup.sh'
[3.087s] INFO:colcon.colcon_core.shell:Creating prefix script '/home/hrishik/robot_ws/install/local_setup.bash'
[3.088s] INFO:colcon.colcon_core.shell:Creating prefix chain script '/home/hrishik/robot_ws/install/setup.bash'
[3.090s] INFO:colcon.colcon_core.shell:Creating prefix script '/home/hrishik/robot_ws/install/local_setup.zsh'
[3.091s] INFO:colcon.colcon_core.shell:Creating prefix chain script '/home/hrishik/robot_ws/install/setup.zsh'
