[0.022s] Invoking command in '/home/hrishik/robot_ws/build/my_robot_controller': CMAKE_PREFIX_PATH=${CMAKE_PREFIX_PATH}:/opt/ros/humble /usr/bin/cmake --build /home/hrishik/robot_ws/build/my_robot_controller -- -j8 -l8
[0.067s] -- Found ament_cmake: 1.3.13 (/opt/ros/humble/share/ament_cmake/cmake)
[0.289s] -- Override CMake install command with custom implementation using symlinks instead of copying resources
[0.301s] -- Found rclcpp: 16.0.18 (/opt/ros/humble/share/rclcpp/cmake)
[0.357s] -- Found rosidl_generator_c: 3.1.8 (/opt/ros/humble/share/rosidl_generator_c/cmake)
[0.361s] -- Found rosidl_adapter: 3.1.8 (/opt/ros/humble/share/rosidl_adapter/cmake)
[0.372s] -- Found rosidl_generator_cpp: 3.1.8 (/opt/ros/humble/share/rosidl_generator_cpp/cmake)
[0.390s] -- Using all available rosidl_typesupport_c: rosidl_typesupport_fastrtps_c;rosidl_typesupport_introspection_c
[0.413s] -- Using all available rosidl_typesupport_cpp: rosidl_typesupport_fastrtps_cpp;rosidl_typesupport_introspection_cpp
[0.473s] -- Found rmw_implementation_cmake: 6.1.2 (/opt/ros/humble/share/rmw_implementation_cmake/cmake)
[0.476s] -- Found rmw_fastrtps_cpp: 6.2.10 (/opt/ros/humble/share/rmw_fastrtps_cpp/cmake)
[0.681s] -- Using RMW implementation 'rmw_fastrtps_cpp' as default
[0.773s] -- Found sensor_msgs: 4.9.1 (/opt/ros/humble/share/sensor_msgs/cmake)
[0.826s] -- Found tf2: 0.25.19 (/opt/ros/humble/share/tf2/cmake)
[0.834s] -- Found tf2_ros: 0.25.19 (/opt/ros/humble/share/tf2_ros/cmake)
[1.010s] -- Found pcl_conversions: 2.4.5 (/opt/ros/humble/share/pcl_conversions/cmake)
[1.042s] -- Eigen found (include: /usr/include/eigen3, version: 3.4.0)
[1.101s] -- FLANN found (include: /usr/include, lib: /usr/lib/x86_64-linux-gnu/libflann_cpp.so)
[1.655s] -- OpenNI found (version: 1.5.4.0, include: /usr/include/ni, lib: /usr/lib/libOpenNI.so;libusb::libusb)
[1.667s] -- OpenNI2 found (version: 2.2.0.33, include: /usr/include/openni2, lib: /usr/lib/x86_64-linux-gnu/libOpenNI2.so;libusb::libusb)
[1.969s] -- Eigen found (include: /usr/include/eigen3, version: 3.4.0)
[1.981s] -- OpenNI found (version: 1.5.4.0, include: /usr/include/ni, lib: /usr/lib/libOpenNI.so;libusb::libusb)
[1.992s] -- OpenNI2 found (version: 2.2.0.33, include: /usr/include/openni2, lib: /usr/lib/x86_64-linux-gnu/libOpenNI2.so;libusb::libusb)
[2.274s] -- Found Qhull version 8.0.2
[2.567s] -- OpenNI found (version: 1.5.4.0, include: /usr/include/ni, lib: /usr/lib/libOpenNI.so;libusb::libusb)
[2.868s] [33mCMake Warning (dev) at CMakeLists.txt:21 (find_package):
[2.868s]   Policy CMP0074 is not set: find_package uses <PackageName>_ROOT variables.
[2.868s]   Run "cmake --help-policy CMP0074" for policy details.  Use the cmake_policy
[2.869s]   command to set the policy and suppress this warning.
[2.869s] 
[2.869s]   CMake variable PCL_ROOT is set to:
[2.869s] 
[2.869s]     /usr
[2.869s] 
[2.869s]   For compatibility, CMake is ignoring the variable.
[2.869s] This warning is for project developers.  Use -Wno-dev to suppress it.
[2.869s] [0m
[3.021s] -- Configuring done
[3.149s] -- Generating done
[3.167s] -- Build files have been written to: /home/hrishik/robot_ws/build/my_robot_controller
[3.242s] [ 50%] [32mBuilding CXX object CMakeFiles/gps_navigator.dir/src/gps_navigator.cpp.o[0m
[40.296s] [100%] [32m[1mLinking CXX executable gps_navigator[0m
[44.338s] [100%] Built target gps_navigator
[44.465s] Invoked command in '/home/hrishik/robot_ws/build/my_robot_controller' returned '0': CMAKE_PREFIX_PATH=${CMAKE_PREFIX_PATH}:/opt/ros/humble /usr/bin/cmake --build /home/hrishik/robot_ws/build/my_robot_controller -- -j8 -l8
[44.484s] Invoking command in '/home/hrishik/robot_ws/build/my_robot_controller': CMAKE_PREFIX_PATH=${CMAKE_PREFIX_PATH}:/opt/ros/humble /usr/bin/cmake --install /home/hrishik/robot_ws/build/my_robot_controller
[44.497s] -- Install configuration: ""
[44.498s] -- Execute custom install script
[44.498s] -- Symlinking: /home/hrishik/robot_ws/install/my_robot_controller/lib/my_robot_controller/gps_navigator
[44.516s] -- Symlinking: /home/hrishik/robot_ws/install/my_robot_controller/share/my_robot_controller/launch/nav_launch.py
[44.531s] -- Symlinking: /home/hrishik/robot_ws/install/my_robot_controller/share/my_robot_controller/urdf/robot.gazebo.xacro
[44.546s] -- Symlinking: /home/hrishik/robot_ws/install/my_robot_controller/share/my_robot_controller/urdf/robot.urdf.xacro
[44.561s] -- Up-to-date symlink: /home/hrishik/robot_ws/install/my_robot_controller/share/ament_index/resource_index/package_run_dependencies/my_robot_controller
[44.561s] -- Up-to-date symlink: /home/hrishik/robot_ws/install/my_robot_controller/share/ament_index/resource_index/parent_prefix_path/my_robot_controller
[44.561s] -- Up-to-date symlink: /home/hrishik/robot_ws/install/my_robot_controller/share/my_robot_controller/environment/ament_prefix_path.sh
[44.561s] -- Up-to-date symlink: /home/hrishik/robot_ws/install/my_robot_controller/share/my_robot_controller/environment/ament_prefix_path.dsv
[44.561s] -- Up-to-date symlink: /home/hrishik/robot_ws/install/my_robot_controller/share/my_robot_controller/environment/path.sh
[44.562s] -- Up-to-date symlink: /home/hrishik/robot_ws/install/my_robot_controller/share/my_robot_controller/environment/path.dsv
[44.562s] -- Up-to-date symlink: /home/hrishik/robot_ws/install/my_robot_controller/share/my_robot_controller/local_setup.bash
[44.562s] -- Up-to-date symlink: /home/hrishik/robot_ws/install/my_robot_controller/share/my_robot_controller/local_setup.sh
[44.562s] -- Up-to-date symlink: /home/hrishik/robot_ws/install/my_robot_controller/share/my_robot_controller/local_setup.zsh
[44.563s] -- Up-to-date symlink: /home/hrishik/robot_ws/install/my_robot_controller/share/my_robot_controller/local_setup.dsv
[44.563s] -- Symlinking: /home/hrishik/robot_ws/install/my_robot_controller/share/my_robot_controller/package.dsv
[44.578s] -- Up-to-date symlink: /home/hrishik/robot_ws/install/my_robot_controller/share/ament_index/resource_index/packages/my_robot_controller
[44.579s] -- Up-to-date symlink: /home/hrishik/robot_ws/install/my_robot_controller/share/my_robot_controller/cmake/my_robot_controllerConfig.cmake
[44.579s] -- Up-to-date symlink: /home/hrishik/robot_ws/install/my_robot_controller/share/my_robot_controller/cmake/my_robot_controllerConfig-version.cmake
[44.579s] -- Up-to-date symlink: /home/hrishik/robot_ws/install/my_robot_controller/share/my_robot_controller/package.xml
[44.582s] Invoked command in '/home/hrishik/robot_ws/build/my_robot_controller' returned '0': CMAKE_PREFIX_PATH=${CMAKE_PREFIX_PATH}:/opt/ros/humble /usr/bin/cmake --install /home/hrishik/robot_ws/build/my_robot_controller
