[0.008s] Invoking command in '/home/hrishik/robot_ws/build/my_robot_controller': CMAKE_PREFIX_PATH=${CMAKE_PREFIX_PATH}:/opt/ros/humble /usr/bin/cmake --build /home/hrishik/robot_ws/build/my_robot_controller -- -j8 -l8
[0.043s] [35m[1mConsolidate compiler generated dependencies of target gps_navigator[0m
[0.064s] [ 50%] [32mBuilding CXX object CMakeFiles/gps_navigator.dir/src/gps_navigator.cpp.o[0m
[3.771s] [01m[K/home/hrishik/robot_ws/src/my_robot_controller/src/gps_navigator.cpp:[m[K In member function ‘[01m[Kvoid TangentBugNavigator::navigate()[m[K’:
[3.771s] [01m[K/home/hrishik/robot_ws/src/my_robot_controller/src/gps_navigator.cpp:119:16:[m[K [01;35m[Kwarning: [m[Kunused variable ‘[01m[Kmin_heuristic[m[K’ [[01;35m[K]8;;https://gcc.gnu.org/onlinedocs/gcc/Warning-Options.html#index-Wunused-variable-Wunused-variable]8;;[m[K]
[3.771s]   119 |         double [01;35m[Kmin_heuristic[m[K = dist_to_goal;
[3.771s]       |                [01;35m[K^~~~~~~~~~~~~[m[K
[12.484s] [100%] [32m[1mLinking CXX executable gps_navigator[0m
[14.339s] [100%] Built target gps_navigator
[14.348s] Invoked command in '/home/hrishik/robot_ws/build/my_robot_controller' returned '0': CMAKE_PREFIX_PATH=${CMAKE_PREFIX_PATH}:/opt/ros/humble /usr/bin/cmake --build /home/hrishik/robot_ws/build/my_robot_controller -- -j8 -l8
[14.355s] Invoking command in '/home/hrishik/robot_ws/build/my_robot_controller': CMAKE_PREFIX_PATH=${CMAKE_PREFIX_PATH}:/opt/ros/humble /usr/bin/cmake --install /home/hrishik/robot_ws/build/my_robot_controller
[14.360s] -- Install configuration: ""
[14.360s] -- Execute custom install script
[14.360s] -- Up-to-date symlink: /home/hrishik/robot_ws/install/my_robot_controller/lib/my_robot_controller/gps_navigator
[14.361s] -- Up-to-date symlink: /home/hrishik/robot_ws/install/my_robot_controller/share/my_robot_controller/launch/navigation.launch.py
[14.361s] -- Up-to-date symlink: /home/hrishik/robot_ws/install/my_robot_controller/share/my_robot_controller/urdf/robot.gazebo.xacro
[14.361s] -- Up-to-date symlink: /home/hrishik/robot_ws/install/my_robot_controller/share/my_robot_controller/urdf/robot.urdf.xacro
[14.361s] -- Up-to-date symlink: /home/hrishik/robot_ws/install/my_robot_controller/share/my_robot_controller/worlds/ground.world
[14.361s] -- Up-to-date symlink: /home/hrishik/robot_ws/install/my_robot_controller/share/ament_index/resource_index/package_run_dependencies/my_robot_controller
[14.361s] -- Up-to-date symlink: /home/hrishik/robot_ws/install/my_robot_controller/share/ament_index/resource_index/parent_prefix_path/my_robot_controller
[14.361s] -- Up-to-date symlink: /home/hrishik/robot_ws/install/my_robot_controller/share/my_robot_controller/environment/ament_prefix_path.sh
[14.361s] -- Up-to-date symlink: /home/hrishik/robot_ws/install/my_robot_controller/share/my_robot_controller/environment/ament_prefix_path.dsv
[14.362s] -- Up-to-date symlink: /home/hrishik/robot_ws/install/my_robot_controller/share/my_robot_controller/environment/path.sh
[14.362s] -- Up-to-date symlink: /home/hrishik/robot_ws/install/my_robot_controller/share/my_robot_controller/environment/path.dsv
[14.362s] -- Up-to-date symlink: /home/hrishik/robot_ws/install/my_robot_controller/share/my_robot_controller/local_setup.bash
[14.362s] -- Up-to-date symlink: /home/hrishik/robot_ws/install/my_robot_controller/share/my_robot_controller/local_setup.sh
[14.362s] -- Up-to-date symlink: /home/hrishik/robot_ws/install/my_robot_controller/share/my_robot_controller/local_setup.zsh
[14.362s] -- Up-to-date symlink: /home/hrishik/robot_ws/install/my_robot_controller/share/my_robot_controller/local_setup.dsv
[14.362s] -- Symlinking: /home/hrishik/robot_ws/install/my_robot_controller/share/my_robot_controller/package.dsv
[14.368s] -- Up-to-date symlink: /home/hrishik/robot_ws/install/my_robot_controller/share/ament_index/resource_index/packages/my_robot_controller
[14.368s] -- Up-to-date symlink: /home/hrishik/robot_ws/install/my_robot_controller/share/my_robot_controller/cmake/my_robot_controllerConfig.cmake
[14.368s] -- Up-to-date symlink: /home/hrishik/robot_ws/install/my_robot_controller/share/my_robot_controller/cmake/my_robot_controllerConfig-version.cmake
[14.368s] -- Up-to-date symlink: /home/hrishik/robot_ws/install/my_robot_controller/share/my_robot_controller/package.xml
[14.370s] Invoked command in '/home/hrishik/robot_ws/build/my_robot_controller' returned '0': CMAKE_PREFIX_PATH=${CMAKE_PREFIX_PATH}:/opt/ros/humble /usr/bin/cmake --install /home/hrishik/robot_ws/build/my_robot_controller
