[0.017s] Invoking command in '/home/hrishik/robot_ws/build/my_robot_controller': CMAKE_PREFIX_PATH=${CMAKE_PREFIX_PATH}:/opt/ros/humble /usr/bin/cmake --build /home/hrishik/robot_ws/build/my_robot_controller -- -j8 -l8
[0.085s] [35m[1mConsolidate compiler generated dependencies of target gps_navigator[0m
[0.108s] [ 50%] Built target obstacle_detector
[0.119s] [ 75%] [32mBuilding CXX object CMakeFiles/gps_navigator.dir/src/gps_navigator.cpp.o[0m
[26.125s] [100%] [32m[1mLinking CXX executable gps_navigator[0m
[27.824s] [100%] Built target gps_navigator
[27.837s] Invoked command in '/home/hrishik/robot_ws/build/my_robot_controller' returned '0': CMAKE_PREFIX_PATH=${CMAKE_PREFIX_PATH}:/opt/ros/humble /usr/bin/cmake --build /home/hrishik/robot_ws/build/my_robot_controller -- -j8 -l8
[27.851s] Invoking command in '/home/hrishik/robot_ws/build/my_robot_controller': CMAKE_PREFIX_PATH=${CMAKE_PREFIX_PATH}:/opt/ros/humble /usr/bin/cmake --install /home/hrishik/robot_ws/build/my_robot_controller
[27.858s] -- Install configuration: ""
[27.859s] -- Execute custom install script
[27.860s] -- Up-to-date symlink: /home/hrishik/robot_ws/install/my_robot_controller/lib/my_robot_controller/gps_navigator
[27.860s] -- Up-to-date symlink: /home/hrishik/robot_ws/install/my_robot_controller/lib/my_robot_controller/obstacle_detector
[27.860s] -- Up-to-date symlink: /home/hrishik/robot_ws/install/my_robot_controller/share/my_robot_controller/launch/navigation.launch.py
[27.861s] -- Up-to-date symlink: /home/hrishik/robot_ws/install/my_robot_controller/share/my_robot_controller/urdf/robot.gazebo.xacro
[27.861s] -- Up-to-date symlink: /home/hrishik/robot_ws/install/my_robot_controller/share/my_robot_controller/urdf/robot.urdf.xacro
[27.861s] -- Up-to-date symlink: /home/hrishik/robot_ws/install/my_robot_controller/share/my_robot_controller/worlds/ground.world
[27.861s] -- Up-to-date symlink: /home/hrishik/robot_ws/install/my_robot_controller/share/ament_index/resource_index/package_run_dependencies/my_robot_controller
[27.862s] -- Up-to-date symlink: /home/hrishik/robot_ws/install/my_robot_controller/share/ament_index/resource_index/parent_prefix_path/my_robot_controller
[27.862s] -- Up-to-date symlink: /home/hrishik/robot_ws/install/my_robot_controller/share/my_robot_controller/environment/ament_prefix_path.sh
[27.862s] -- Up-to-date symlink: /home/hrishik/robot_ws/install/my_robot_controller/share/my_robot_controller/environment/ament_prefix_path.dsv
[27.862s] -- Up-to-date symlink: /home/hrishik/robot_ws/install/my_robot_controller/share/my_robot_controller/environment/path.sh
[27.863s] -- Up-to-date symlink: /home/hrishik/robot_ws/install/my_robot_controller/share/my_robot_controller/environment/path.dsv
[27.863s] -- Up-to-date symlink: /home/hrishik/robot_ws/install/my_robot_controller/share/my_robot_controller/local_setup.bash
[27.863s] -- Up-to-date symlink: /home/hrishik/robot_ws/install/my_robot_controller/share/my_robot_controller/local_setup.sh
[27.863s] -- Up-to-date symlink: /home/hrishik/robot_ws/install/my_robot_controller/share/my_robot_controller/local_setup.zsh
[27.863s] -- Up-to-date symlink: /home/hrishik/robot_ws/install/my_robot_controller/share/my_robot_controller/local_setup.dsv
[27.863s] -- Symlinking: /home/hrishik/robot_ws/install/my_robot_controller/share/my_robot_controller/package.dsv
[27.874s] -- Up-to-date symlink: /home/hrishik/robot_ws/install/my_robot_controller/share/ament_index/resource_index/packages/my_robot_controller
[27.874s] -- Up-to-date symlink: /home/hrishik/robot_ws/install/my_robot_controller/share/my_robot_controller/cmake/my_robot_controllerConfig.cmake
[27.874s] -- Up-to-date symlink: /home/hrishik/robot_ws/install/my_robot_controller/share/my_robot_controller/cmake/my_robot_controllerConfig-version.cmake
[27.874s] -- Up-to-date symlink: /home/hrishik/robot_ws/install/my_robot_controller/share/my_robot_controller/package.xml
[27.877s] Invoked command in '/home/hrishik/robot_ws/build/my_robot_controller' returned '0': CMAKE_PREFIX_PATH=${CMAKE_PREFIX_PATH}:/opt/ros/humble /usr/bin/cmake --install /home/hrishik/robot_ws/build/my_robot_controller
