[0.026s] Invoking command in '/home/hrishik/robot_ws/build/my_robot_controller': CMAKE_PREFIX_PATH=${CMAKE_PREFIX_PATH}:/opt/ros/humble /usr/bin/cmake --build /home/hrishik/robot_ws/build/my_robot_controller -- -j8 -l8
[0.147s] [ 50%] Built target obstacle_detector
[0.148s] [100%] Built target gps_navigator
[0.168s] Invoked command in '/home/hrishik/robot_ws/build/my_robot_controller' returned '0': CMAKE_PREFIX_PATH=${CMAKE_PREFIX_PATH}:/opt/ros/humble /usr/bin/cmake --build /home/hrishik/robot_ws/build/my_robot_controller -- -j8 -l8
[0.186s] Invoking command in '/home/hrishik/robot_ws/build/my_robot_controller': CMAKE_PREFIX_PATH=${CMAKE_PREFIX_PATH}:/opt/ros/humble /usr/bin/cmake --install /home/hrishik/robot_ws/build/my_robot_controller
[0.199s] -- Install configuration: ""
[0.200s] -- Execute custom install script
[0.201s] -- Up-to-date symlink: /home/hrishik/robot_ws/install/my_robot_controller/lib/my_robot_controller/gps_navigator
[0.201s] -- Up-to-date symlink: /home/hrishik/robot_ws/install/my_robot_controller/lib/my_robot_controller/obstacle_detector
[0.202s] -- Up-to-date symlink: /home/hrishik/robot_ws/install/my_robot_controller/share/my_robot_controller/launch/navigation.launch.py
[0.203s] -- Up-to-date symlink: /home/hrishik/robot_ws/install/my_robot_controller/share/my_robot_controller/urdf/robot.gazebo.xacro
[0.203s] -- Up-to-date symlink: /home/hrishik/robot_ws/install/my_robot_controller/share/my_robot_controller/urdf/robot.urdf.xacro
[0.203s] -- Up-to-date symlink: /home/hrishik/robot_ws/install/my_robot_controller/share/ament_index/resource_index/package_run_dependencies/my_robot_controller
[0.203s] -- Up-to-date symlink: /home/hrishik/robot_ws/install/my_robot_controller/share/ament_index/resource_index/parent_prefix_path/my_robot_controller
[0.204s] -- Up-to-date symlink: /home/hrishik/robot_ws/install/my_robot_controller/share/my_robot_controller/environment/ament_prefix_path.sh
[0.204s] -- Up-to-date symlink: /home/hrishik/robot_ws/install/my_robot_controller/share/my_robot_controller/environment/ament_prefix_path.dsv
[0.204s] -- Up-to-date symlink: /home/hrishik/robot_ws/install/my_robot_controller/share/my_robot_controller/environment/path.sh
[0.205s] -- Up-to-date symlink: /home/hrishik/robot_ws/install/my_robot_controller/share/my_robot_controller/environment/path.dsv
[0.205s] -- Up-to-date symlink: /home/hrishik/robot_ws/install/my_robot_controller/share/my_robot_controller/local_setup.bash
[0.205s] -- Up-to-date symlink: /home/hrishik/robot_ws/install/my_robot_controller/share/my_robot_controller/local_setup.sh
[0.206s] -- Up-to-date symlink: /home/hrishik/robot_ws/install/my_robot_controller/share/my_robot_controller/local_setup.zsh
[0.206s] -- Up-to-date symlink: /home/hrishik/robot_ws/install/my_robot_controller/share/my_robot_controller/local_setup.dsv
[0.206s] -- Symlinking: /home/hrishik/robot_ws/install/my_robot_controller/share/my_robot_controller/package.dsv
[0.222s] -- Up-to-date symlink: /home/hrishik/robot_ws/install/my_robot_controller/share/ament_index/resource_index/packages/my_robot_controller
[0.223s] -- Up-to-date symlink: /home/hrishik/robot_ws/install/my_robot_controller/share/my_robot_controller/cmake/my_robot_controllerConfig.cmake
[0.223s] -- Up-to-date symlink: /home/hrishik/robot_ws/install/my_robot_controller/share/my_robot_controller/cmake/my_robot_controllerConfig-version.cmake
[0.223s] -- Up-to-date symlink: /home/hrishik/robot_ws/install/my_robot_controller/share/my_robot_controller/package.xml
[0.226s] Invoked command in '/home/hrishik/robot_ws/build/my_robot_controller' returned '0': CMAKE_PREFIX_PATH=${CMAKE_PREFIX_PATH}:/opt/ros/humble /usr/bin/cmake --install /home/hrishik/robot_ws/build/my_robot_controller
