[0.008s] Invoking command in '/home/hrishik/robot_ws/build/my_robot_controller': CMAKE_PREFIX_PATH=${CMAKE_PREFIX_PATH}:/opt/ros/humble /usr/bin/cmake --build /home/hrishik/robot_ws/build/my_robot_controller -- -j8 -l8
[0.051s] [ 25%] [32mBuilding CXX object CMakeFiles/gps_navigator.dir/src/gps_navigator.cpp.o[0m
[0.056s] [ 75%] Built target obstacle_detector
[1.900s] [01m[K/home/hrishik/robot_ws/src/my_robot_controller/src/gps_navigator.cpp:[m[K In constructor ‘[01m[KTangentBugLite::TangentBugLite()[m[K’:
[1.900s] [01m[K/home/hrishik/robot_ws/src/my_robot_controller/src/gps_navigator.cpp:26:82:[m[K [01;31m[Kerror: [m[Kno match for ‘[01m[Koperator=[m[K’ (operand types are ‘[01m[Krclcpp::Subscription<sensor_msgs::msg::NavSatFix_<std::allocator<void> > >::SharedPtr[m[K’ {aka ‘[01m[Kstd::shared_ptr<rclcpp::Subscription<sensor_msgs::msg::NavSatFix_<std::allocator<void> > > >[m[K’} and ‘[01m[Kstd::shared_ptr<rclcpp::Subscription<geometry_msgs::msg::PoseStamped_<std::allocator<void> >, std::allocator<void>, geometry_msgs::msg::PoseStamped_<std::allocator<void> >, geometry_msgs::msg::PoseStamped_<std::allocator<void> >, rclcpp::message_memory_strategy::MessageMemoryStrategy<geometry_msgs::msg::PoseStamped_<std::allocator<void> >, std::allocator<void> > > >[m[K’)
[1.900s]    26 |             std::bind(&TangentBugLite::goalCallback, this, std::placeholders::_1)[01;31m[K)[m[K;
[1.900s]       |                                                                                  [01;31m[K^[m[K
[1.900s] In file included from [01m[K/usr/include/c++/11/memory:77[m[K,
[1.900s]                  from [01m[K/opt/ros/humble/include/rclcpp/rclcpp/rclcpp.hpp:153[m[K,
[1.900s]                  from [01m[K/home/hrishik/robot_ws/src/my_robot_controller/src/gps_navigator.cpp:1[m[K:
[1.900s] [01m[K/usr/include/c++/11/bits/shared_ptr.h:363:9:[m[K [01;36m[Knote: [m[Kcandidate: ‘[01m[Ktemplate<class _Yp> std::shared_ptr<_Tp>::_Assignable<const std::shared_ptr<_Yp>&> std::shared_ptr<_Tp>::operator=(const std::shared_ptr<_Yp>&) [with _Yp = _Yp; _Tp = rclcpp::Subscription<sensor_msgs::msg::NavSatFix_<std::allocator<void> > >][m[K’
[1.900s]   363 |         [01;36m[Koperator[m[K=(const shared_ptr<_Yp>& __r) noexcept
[1.900s]       |         [01;36m[K^~~~~~~~[m[K
[1.901s] [01m[K/usr/include/c++/11/bits/shared_ptr.h:363:9:[m[K [01;36m[Knote: [m[K  template argument deduction/substitution failed:
[1.901s] /usr/include/c++/11/bits/shared_ptr.h: In substitution of ‘[01m[Ktemplate<class _Tp> template<class _Arg> using _Assignable = typename std::enable_if<std::is_assignable<std::__shared_ptr<_Tp>&, _Arg>::value, std::shared_ptr<_Tp>&>::type [with _Arg = const std::shared_ptr<rclcpp::Subscription<geometry_msgs::msg::PoseStamped_<std::allocator<void> >, std::allocator<void>, geometry_msgs::msg::PoseStamped_<std::allocator<void> >, geometry_msgs::msg::PoseStamped_<std::allocator<void> >, rclcpp::message_memory_strategy::MessageMemoryStrategy<geometry_msgs::msg::PoseStamped_<std::allocator<void> >, std::allocator<void> > > >&; _Tp = rclcpp::Subscription<sensor_msgs::msg::NavSatFix_<std::allocator<void> > >][m[K’:
[1.901s] [01m[K/usr/include/c++/11/bits/shared_ptr.h:363:2:[m[K   required by substitution of ‘[01m[Ktemplate<class _Yp> std::shared_ptr<rclcpp::Subscription<sensor_msgs::msg::NavSatFix_<std::allocator<void> > > >::_Assignable<const std::shared_ptr<_Tp>&> std::shared_ptr<rclcpp::Subscription<sensor_msgs::msg::NavSatFix_<std::allocator<void> > > >::operator=<_Yp>(const std::shared_ptr<_Tp>&) [with _Yp = rclcpp::Subscription<geometry_msgs::msg::PoseStamped_<std::allocator<void> >, std::allocator<void>, geometry_msgs::msg::PoseStamped_<std::allocator<void> >, geometry_msgs::msg::PoseStamped_<std::allocator<void> >, rclcpp::message_memory_strategy::MessageMemoryStrategy<geometry_msgs::msg::PoseStamped_<std::allocator<void> >, std::allocator<void> > >][m[K’
[1.901s] [01m[K/home/hrishik/robot_ws/src/my_robot_controller/src/gps_navigator.cpp:26:82:[m[K   required from here
[1.901s] [01m[K/usr/include/c++/11/bits/shared_ptr.h:130:15:[m[K [01;31m[Kerror: [m[Kno type named ‘[01m[Ktype[m[K’ in ‘[01m[Kstruct std::enable_if<false, std::shared_ptr<rclcpp::Subscription<sensor_msgs::msg::NavSatFix_<std::allocator<void> > > >&>[m[K’
[1.901s]   130 |         using [01;31m[K_Assignable[m[K = typename enable_if<
[1.901s]       |               [01;31m[K^~~~~~~~~~~[m[K
[1.901s] [01m[K/usr/include/c++/11/bits/shared_ptr.h:374:9:[m[K [01;36m[Knote: [m[Kcandidate: ‘[01m[Ktemplate<class _Yp> std::shared_ptr<_Tp>::_Assignable<std::auto_ptr<_Up> > std::shared_ptr<_Tp>::operator=(std::auto_ptr<_Up>&&) [with _Yp = _Yp; _Tp = rclcpp::Subscription<sensor_msgs::msg::NavSatFix_<std::allocator<void> > >][m[K’
[1.901s]   374 |         [01;36m[Koperator[m[K=(auto_ptr<_Yp>&& __r)
[1.901s]       |         [01;36m[K^~~~~~~~[m[K
[1.901s] [01m[K/usr/include/c++/11/bits/shared_ptr.h:374:9:[m[K [01;36m[Knote: [m[K  template argument deduction/substitution failed:
[1.901s] [01m[K/home/hrishik/robot_ws/src/my_robot_controller/src/gps_navigator.cpp:26:82:[m[K [01;36m[Knote: [m[K  ‘[01m[Kstd::shared_ptr<rclcpp::Subscription<geometry_msgs::msg::PoseStamped_<std::allocator<void> >, std::allocator<void>, geometry_msgs::msg::PoseStamped_<std::allocator<void> >, geometry_msgs::msg::PoseStamped_<std::allocator<void> >, rclcpp::message_memory_strategy::MessageMemoryStrategy<geometry_msgs::msg::PoseStamped_<std::allocator<void> >, std::allocator<void> > > >[m[K’ is not derived from ‘[01m[Kstd::auto_ptr<_Up>[m[K’
[1.901s]    26 |             std::bind(&TangentBugLite::goalCallback, this, std::placeholders::_1)[01;36m[K)[m[K;
[1.901s]       |                                                                                  [01;36m[K^[m[K
[1.901s] In file included from [01m[K/usr/include/c++/11/memory:77[m[K,
[1.901s]                  from [01m[K/opt/ros/humble/include/rclcpp/rclcpp/rclcpp.hpp:153[m[K,
[1.902s]                  from [01m[K/home/hrishik/robot_ws/src/my_robot_controller/src/gps_navigator.cpp:1[m[K:
[1.902s] [01m[K/usr/include/c++/11/bits/shared_ptr.h:391:9:[m[K [01;36m[Knote: [m[Kcandidate: ‘[01m[Ktemplate<class _Yp> std::shared_ptr<_Tp>::_Assignable<std::shared_ptr<_Yp> > std::shared_ptr<_Tp>::operator=(std::shared_ptr<_Yp>&&) [with _Yp = _Yp; _Tp = rclcpp::Subscription<sensor_msgs::msg::NavSatFix_<std::allocator<void> > >][m[K’
[1.902s]   391 |         [01;36m[Koperator[m[K=(shared_ptr<_Yp>&& __r) noexcept
[1.902s]       |         [01;36m[K^~~~~~~~[m[K
[1.902s] [01m[K/usr/include/c++/11/bits/shared_ptr.h:391:9:[m[K [01;36m[Knote: [m[K  template argument deduction/substitution failed:
[1.902s] /usr/include/c++/11/bits/shared_ptr.h: In substitution of ‘[01m[Ktemplate<class _Tp> template<class _Arg> using _Assignable = typename std::enable_if<std::is_assignable<std::__shared_ptr<_Tp>&, _Arg>::value, std::shared_ptr<_Tp>&>::type [with _Arg = std::shared_ptr<rclcpp::Subscription<geometry_msgs::msg::PoseStamped_<std::allocator<void> >, std::allocator<void>, geometry_msgs::msg::PoseStamped_<std::allocator<void> >, geometry_msgs::msg::PoseStamped_<std::allocator<void> >, rclcpp::message_memory_strategy::MessageMemoryStrategy<geometry_msgs::msg::PoseStamped_<std::allocator<void> >, std::allocator<void> > > >; _Tp = rclcpp::Subscription<sensor_msgs::msg::NavSatFix_<std::allocator<void> > >][m[K’:
[1.902s] [01m[K/usr/include/c++/11/bits/shared_ptr.h:391:2:[m[K   required by substitution of ‘[01m[Ktemplate<class _Yp> std::shared_ptr<rclcpp::Subscription<sensor_msgs::msg::NavSatFix_<std::allocator<void> > > >::_Assignable<std::shared_ptr<_Tp> > std::shared_ptr<rclcpp::Subscription<sensor_msgs::msg::NavSatFix_<std::allocator<void> > > >::operator=<_Yp>(std::shared_ptr<_Tp>&&) [with _Yp = rclcpp::Subscription<geometry_msgs::msg::PoseStamped_<std::allocator<void> >, std::allocator<void>, geometry_msgs::msg::PoseStamped_<std::allocator<void> >, geometry_msgs::msg::PoseStamped_<std::allocator<void> >, rclcpp::message_memory_strategy::MessageMemoryStrategy<geometry_msgs::msg::PoseStamped_<std::allocator<void> >, std::allocator<void> > >][m[K’
[1.902s] [01m[K/home/hrishik/robot_ws/src/my_robot_controller/src/gps_navigator.cpp:26:82:[m[K   required from here
[1.902s] [01m[K/usr/include/c++/11/bits/shared_ptr.h:130:15:[m[K [01;31m[Kerror: [m[Kno type named ‘[01m[Ktype[m[K’ in ‘[01m[Kstruct std::enable_if<false, std::shared_ptr<rclcpp::Subscription<sensor_msgs::msg::NavSatFix_<std::allocator<void> > > >&>[m[K’
[1.902s]   130 |         using [01;31m[K_Assignable[m[K = typename enable_if<
[1.902s]       |               [01;31m[K^~~~~~~~~~~[m[K
[1.902s] [01m[K/usr/include/c++/11/bits/shared_ptr.h:399:9:[m[K [01;36m[Knote: [m[Kcandidate: ‘[01m[Ktemplate<class _Yp, class _Del> std::shared_ptr<_Tp>::_Assignable<std::unique_ptr<_Up, _Ep> > std::shared_ptr<_Tp>::operator=(std::unique_ptr<_Up, _Ep>&&) [with _Yp = _Yp; _Del = _Del; _Tp = rclcpp::Subscription<sensor_msgs::msg::NavSatFix_<std::allocator<void> > >][m[K’
[1.902s]   399 |         [01;36m[Koperator[m[K=(unique_ptr<_Yp, _Del>&& __r)
[1.902s]       |         [01;36m[K^~~~~~~~[m[K
[1.902s] [01m[K/usr/include/c++/11/bits/shared_ptr.h:399:9:[m[K [01;36m[Knote: [m[K  template argument deduction/substitution failed:
[1.903s] [01m[K/home/hrishik/robot_ws/src/my_robot_controller/src/gps_navigator.cpp:26:82:[m[K [01;36m[Knote: [m[K  ‘[01m[Kstd::shared_ptr<rclcpp::Subscription<geometry_msgs::msg::PoseStamped_<std::allocator<void> >, std::allocator<void>, geometry_msgs::msg::PoseStamped_<std::allocator<void> >, geometry_msgs::msg::PoseStamped_<std::allocator<void> >, rclcpp::message_memory_strategy::MessageMemoryStrategy<geometry_msgs::msg::PoseStamped_<std::allocator<void> >, std::allocator<void> > > >[m[K’ is not derived from ‘[01m[Kstd::unique_ptr<_Tp, _Dp>[m[K’
[1.903s]    26 |             std::bind(&TangentBugLite::goalCallback, this, std::placeholders::_1)[01;36m[K)[m[K;
[1.903s]       |                                                                                  [01;36m[K^[m[K
[1.903s] In file included from [01m[K/usr/include/c++/11/memory:77[m[K,
[1.903s]                  from [01m[K/opt/ros/humble/include/rclcpp/rclcpp/rclcpp.hpp:153[m[K,
[1.903s]                  from [01m[K/home/hrishik/robot_ws/src/my_robot_controller/src/gps_navigator.cpp:1[m[K:
[1.903s] [01m[K/usr/include/c++/11/bits/shared_ptr.h:359:19:[m[K [01;36m[Knote: [m[Kcandidate: ‘[01m[Kstd::shared_ptr<_Tp>& std::shared_ptr<_Tp>::operator=(const std::shared_ptr<_Tp>&) [with _Tp = rclcpp::Subscription<sensor_msgs::msg::NavSatFix_<std::allocator<void> > >][m[K’
[1.903s]   359 |       shared_ptr& [01;36m[Koperator[m[K=(const shared_ptr&) noexcept = default;
[1.903s]       |                   [01;36m[K^~~~~~~~[m[K
[1.903s] [01m[K/usr/include/c++/11/bits/shared_ptr.h:359:29:[m[K [01;36m[Knote: [m[K  no known conversion for argument 1 from ‘[01m[Kstd::shared_ptr<rclcpp::Subscription<geometry_msgs::msg::PoseStamped_<std::allocator<void> >, std::allocator<void>, geometry_msgs::msg::PoseStamped_<std::allocator<void> >, geometry_msgs::msg::PoseStamped_<std::allocator<void> >, rclcpp::message_memory_strategy::MessageMemoryStrategy<geometry_msgs::msg::PoseStamped_<std::allocator<void> >, std::allocator<void> > > >[m[K’ to ‘[01m[Kconst std::shared_ptr<rclcpp::Subscription<sensor_msgs::msg::NavSatFix_<std::allocator<void> > > >&[m[K’
[1.903s]   359 |       shared_ptr& operator=([01;36m[Kconst shared_ptr&[m[K) noexcept = default;
[1.903s]       |                             [01;36m[K^~~~~~~~~~~~~~~~~[m[K
[1.903s] [01m[K/usr/include/c++/11/bits/shared_ptr.h:383:7:[m[K [01;36m[Knote: [m[Kcandidate: ‘[01m[Kstd::shared_ptr<_Tp>& std::shared_ptr<_Tp>::operator=(std::shared_ptr<_Tp>&&) [with _Tp = rclcpp::Subscription<sensor_msgs::msg::NavSatFix_<std::allocator<void> > >][m[K’
[1.903s]   383 |       [01;36m[Koperator[m[K=(shared_ptr&& __r) noexcept
[1.903s]       |       [01;36m[K^~~~~~~~[m[K
[1.903s] [01m[K/usr/include/c++/11/bits/shared_ptr.h:383:30:[m[K [01;36m[Knote: [m[K  no known conversion for argument 1 from ‘[01m[Kstd::shared_ptr<rclcpp::Subscription<geometry_msgs::msg::PoseStamped_<std::allocator<void> >, std::allocator<void>, geometry_msgs::msg::PoseStamped_<std::allocator<void> >, geometry_msgs::msg::PoseStamped_<std::allocator<void> >, rclcpp::message_memory_strategy::MessageMemoryStrategy<geometry_msgs::msg::PoseStamped_<std::allocator<void> >, std::allocator<void> > > >[m[K’ to ‘[01m[Kstd::shared_ptr<rclcpp::Subscription<sensor_msgs::msg::NavSatFix_<std::allocator<void> > > >&&[m[K’
[1.904s]   383 |       operator=([01;36m[Kshared_ptr&& __r[m[K) noexcept
[1.904s]       |                 [01;36m[K~~~~~~~~~~~~~^~~[m[K
[4.883s] gmake[2]: *** [CMakeFiles/gps_navigator.dir/build.make:76: CMakeFiles/gps_navigator.dir/src/gps_navigator.cpp.o] Error 1
[4.883s] gmake[1]: *** [CMakeFiles/Makefile2:139: CMakeFiles/gps_navigator.dir/all] Error 2
[4.883s] gmake: *** [Makefile:146: all] Error 2
[4.885s] Invoked command in '/home/hrishik/robot_ws/build/my_robot_controller' returned '2': CMAKE_PREFIX_PATH=${CMAKE_PREFIX_PATH}:/opt/ros/humble /usr/bin/cmake --build /home/hrishik/robot_ws/build/my_robot_controller -- -j8 -l8
