[01m[K/home/hrishik/robot_ws/src/my_robot_controller/src/obstacle_detector.cpp:[m[K In member function ‘[01m[Kvoid ObstacleDetectionNode::processPointCloud()[m[K’:
[01m[K/home/hrishik/robot_ws/src/my_robot_controller/src/obstacle_detector.cpp:48:22:[m[K [01;31m[Kerror: [m[K‘[01m[Klatest_msg[m[K’ was not declared in this scope; did you mean ‘[01m[Klatest_msg_[m[K’?
   48 |     pcl::fromROSMsg(*[01;31m[Klatest_msg[m[K, *cloud);
      |                      [01;31m[K^~~~~~~~~~[m[K
      |                      [32m[Klatest_msg_[m[K
[01m[K/home/hrishik/robot_ws/src/my_robot_controller/src/obstacle_detector.cpp:94:5:[m[K [01;31m[Kerror: [m[Kexpected ‘[01m[K;[m[K’ before ‘[01m[Kpcl[m[K’
   94 |     [01;31m[Kpcl[m[K::PointCloud<pcl::PointXYZ>::Ptr clustered_cloud(new pcl::PointCloud<pcl::PointXYZ>);
      |     [01;31m[K^~~[m[K
[01m[K/home/hrishik/robot_ws/src/my_robot_controller/src/obstacle_detector.cpp:97:13:[m[K [01;31m[Kerror: [m[K‘[01m[Kclustered_cloud[m[K’ was not declared in this scope
   97 |             [01;31m[Kclustered_cloud[m[K->points.push_back(cloud_no_ground->points[idx]);
      |             [01;31m[K^~~~~~~~~~~~~~~[m[K
[01m[K/home/hrishik/robot_ws/src/my_robot_controller/src/obstacle_detector.cpp:101:5:[m[K [01;31m[Kerror: [m[K‘[01m[Kclustered_cloud[m[K’ was not declared in this scope
  101 |     [01;31m[Kclustered_cloud[m[K->width = clustered_cloud->points.size();
      |     [01;31m[K^~~~~~~~~~~~~~~[m[K
[01m[K/home/hrishik/robot_ws/src/my_robot_controller/src/obstacle_detector.cpp:107:21:[m[K [01;31m[Kerror: [m[K‘[01m[Kcloud_msg[m[K’ was not declared in this scope
  107 |     output.header = [01;31m[Kcloud_msg[m[K->header;
      |                     [01;31m[K^~~~~~~~~[m[K
[01m[K/home/hrishik/robot_ws/src/my_robot_controller/src/obstacle_detector.cpp:144:35:[m[K [01;31m[Kerror: [m[Kredeclaration of ‘[01m[Ksensor_msgs::msg::PointCloud2 output[m[K’
  144 |     sensor_msgs::msg::PointCloud2 [01;31m[Koutput[m[K;
      |                                   [01;31m[K^~~~~~[m[K
[01m[K/home/hrishik/robot_ws/src/my_robot_controller/src/obstacle_detector.cpp:105:35:[m[K [01;36m[Knote: [m[K‘[01m[Ksensor_msgs::msg::PointCloud2 output[m[K’ previously declared here
  105 |     sensor_msgs::msg::PointCloud2 [01;36m[Koutput[m[K;
      |                                   [01;36m[K^~~~~~[m[K
[01m[K/home/hrishik/robot_ws/src/my_robot_controller/src/obstacle_detector.cpp:111:12:[m[K [01;35m[Kwarning: [m[Kunused variable ‘[01m[Kmin_distance[m[K’ [[01;35m[K]8;;https://gcc.gnu.org/onlinedocs/gcc/Warning-Options.html#index-Wunused-variable-Wunused-variable]8;;[m[K]
  111 |     double [01;35m[Kmin_distance[m[K = std::numeric_limits<double>::max();
      |            [01;35m[K^~~~~~~~~~~~[m[K
[01m[K/home/hrishik/robot_ws/src/my_robot_controller/src/obstacle_detector.cpp:112:10:[m[K [01;35m[Kwarning: [m[Kunused variable ‘[01m[Kobstacle_within_range[m[K’ [[01;35m[K]8;;https://gcc.gnu.org/onlinedocs/gcc/Warning-Options.html#index-Wunused-variable-Wunused-variable]8;;[m[K]
  112 |     bool [01;35m[Kobstacle_within_range[m[K = false;
      |          [01;35m[K^~~~~~~~~~~~~~~~~~~~~[m[K
gmake[2]: *** [CMakeFiles/obstacle_detector.dir/build.make:76: CMakeFiles/obstacle_detector.dir/src/obstacle_detector.cpp.o] Error 1
gmake[1]: *** [CMakeFiles/Makefile2:165: CMakeFiles/obstacle_detector.dir/all] Error 2
gmake: *** [Makefile:146: all] Error 2
