[01m[K/home/hrishik/robot_ws/src/my_robot_controller/src/gps_navigator.cpp:143:6:[m[K [01;31m[Kerror: [m[Kexpected ‘[01m[K;[m[K’ after class definition
  143 |     }
      |      [01;31m[K^[m[K
      |      [32m[K;[m[K
[01m[K/home/hrishik/robot_ws/src/my_robot_controller/src/gps_navigator.cpp:[m[K In constructor ‘[01m[KTangentBugLite::TangentBugLite()[m[K’:
[01m[K/home/hrishik/robot_ws/src/my_robot_controller/src/gps_navigator.cpp:14:9:[m[K [01;31m[Kerror: [m[K‘[01m[Kgps_sub_[m[K’ was not declared in this scope; did you mean ‘[01m[Kgps_cb[m[K’?
   14 |         [01;31m[Kgps_sub_[m[K = this->create_subscription<sensor_msgs::msg::NavSatFix>(
      |         [01;31m[K^~~~~~~~[m[K
      |         [32m[Kgps_cb[m[K
[01m[K/home/hrishik/robot_ws/src/my_robot_controller/src/gps_navigator.cpp:16:9:[m[K [01;31m[Kerror: [m[K‘[01m[Kimu_sub_[m[K’ was not declared in this scope; did you mean ‘[01m[Kimu_cb[m[K’?
   16 |         [01;31m[Kimu_sub_[m[K = this->create_subscription<sensor_msgs::msg::Imu>(
      |         [01;31m[K^~~~~~~~[m[K
      |         [32m[Kimu_cb[m[K
[01m[K/home/hrishik/robot_ws/src/my_robot_controller/src/gps_navigator.cpp:20:9:[m[K [01;31m[Kerror: [m[K‘[01m[Kobstacle_sub_[m[K’ was not declared in this scope; did you mean ‘[01m[Kobstacle_cb[m[K’?
   20 |         [01;31m[Kobstacle_sub_[m[K = this->create_subscription<sensor_msgs::msg::PointCloud2>(
      |         [01;31m[K^~~~~~~~~~~~~[m[K
      |         [32m[Kobstacle_cb[m[K
[01m[K/home/hrishik/robot_ws/src/my_robot_controller/src/gps_navigator.cpp:23:9:[m[K [01;31m[Kerror: [m[K‘[01m[Kgoal_sub_[m[K’ was not declared in this scope
   23 |         [01;31m[Kgoal_sub_[m[K = this->create_subscription<sensor_msgs::msg::NavSatFix>(
      |         [01;31m[K^~~~~~~~~[m[K
[01m[K/home/hrishik/robot_ws/src/my_robot_controller/src/gps_navigator.cpp:30:9:[m[K [01;31m[Kerror: [m[K‘[01m[Kcmd_pub_[m[K’ was not declared in this scope
   30 |         [01;31m[Kcmd_pub_[m[K = this->create_publisher<geometry_msgs::msg::Twist>("/cmd_vel", 10);
      |         [01;31m[K^~~~~~~~[m[K
[01m[K/home/hrishik/robot_ws/src/my_robot_controller/src/gps_navigator.cpp:[m[K In member function ‘[01m[Kvoid TangentBugLite::obstacle_cb(sensor_msgs::msg::PointCloud2_<std::allocator<void> >::SharedPtr)[m[K’:
[01m[K/home/hrishik/robot_ws/src/my_robot_controller/src/gps_navigator.cpp:60:13:[m[K [01;31m[Kerror: [m[K‘[01m[Khas_obstacle_[m[K’ was not declared in this scope
   60 |             [01;31m[Khas_obstacle_[m[K = false;
      |             [01;31m[K^~~~~~~~~~~~~[m[K
[01m[K/home/hrishik/robot_ws/src/my_robot_controller/src/gps_navigator.cpp:80:9:[m[K [01;31m[Kerror: [m[K‘[01m[Kleft_tangent_[m[K’ was not declared in this scope
   80 |         [01;31m[Kleft_tangent_[m[K = max_angle;
      |         [01;31m[K^~~~~~~~~~~~~[m[K
[01m[K/home/hrishik/robot_ws/src/my_robot_controller/src/gps_navigator.cpp:81:9:[m[K [01;31m[Kerror: [m[K‘[01m[Kright_tangent_[m[K’ was not declared in this scope
   81 |         [01;31m[Kright_tangent_[m[K = min_angle;
      |         [01;31m[K^~~~~~~~~~~~~~[m[K
[01m[K/home/hrishik/robot_ws/src/my_robot_controller/src/gps_navigator.cpp:82:9:[m[K [01;31m[Kerror: [m[K‘[01m[Kclosest_dist_[m[K’ was not declared in this scope
   82 |         [01;31m[Kclosest_dist_[m[K = min_dist;
      |         [01;31m[K^~~~~~~~~~~~~[m[K
[01m[K/home/hrishik/robot_ws/src/my_robot_controller/src/gps_navigator.cpp:83:9:[m[K [01;31m[Kerror: [m[K‘[01m[Khas_obstacle_[m[K’ was not declared in this scope
   83 |         [01;31m[Khas_obstacle_[m[K = (min_dist < 3.0); // Trigger avoidance within 2 meters
      |         [01;31m[K^~~~~~~~~~~~~[m[K
[01m[K/home/hrishik/robot_ws/src/my_robot_controller/src/gps_navigator.cpp:[m[K In member function ‘[01m[Kvoid TangentBugLite::gps_cb(sensor_msgs::msg::NavSatFix_<std::allocator<void> >::SharedPtr)[m[K’:
[01m[K/home/hrishik/robot_ws/src/my_robot_controller/src/gps_navigator.cpp:93:27:[m[K [01;31m[Kerror: [m[K‘[01m[Khaversine[m[K’ was not declared in this scope
   93 |     double dist_to_goal = [01;31m[Khaversine[m[K(cur_lat_, cur_lon_, target_lat_, target_lon_);
      |                           [01;31m[K^~~~~~~~~[m[K
[01m[K/home/hrishik/robot_ws/src/my_robot_controller/src/gps_navigator.cpp:94:27:[m[K [01;31m[Kerror: [m[K‘[01m[Kcalculate_bearing[m[K’ was not declared in this scope
   94 |     double goal_heading = [01;31m[Kcalculate_bearing[m[K(cur_lat_, cur_lon_, target_lat_, target_lon_);
      |                           [01;31m[K^~~~~~~~~~~~~~~~~[m[K
[01m[K/home/hrishik/robot_ws/src/my_robot_controller/src/gps_navigator.cpp:95:28:[m[K [01;31m[Kerror: [m[K‘[01m[Knormalize_angle[m[K’ was not declared in this scope
   95 |     double heading_error = [01;31m[Knormalize_angle[m[K(goal_heading - cur_yaw_);
      |                            [01;31m[K^~~~~~~~~~~~~~~[m[K
[01m[K/home/hrishik/robot_ws/src/my_robot_controller/src/gps_navigator.cpp:98:9:[m[K [01;31m[Kerror: [m[K‘[01m[Khas_obstacle_[m[K’ was not declared in this scope
   98 |     if ([01;31m[Khas_obstacle_[m[K) {
      |         [01;31m[K^~~~~~~~~~~~~[m[K
[01m[K/home/hrishik/robot_ws/src/my_robot_controller/src/gps_navigator.cpp:122:42:[m[K [01;31m[Kerror: [m[K‘[01m[Kleft_tangent_[m[K’ was not declared in this scope
  122 |         double steer = avoiding_left_ ? ([01;31m[Kleft_tangent_[m[K + 0.5) : (right_tangent_ - 0.5);
      |                                          [01;31m[K^~~~~~~~~~~~~[m[K
[01m[K/home/hrishik/robot_ws/src/my_robot_controller/src/gps_navigator.cpp:122:66:[m[K [01;31m[Kerror: [m[K‘[01m[Kright_tangent_[m[K’ was not declared in this scope
  122 |         double steer = avoiding_left_ ? (left_tangent_ + 0.5) : ([01;31m[Kright_tangent_[m[K - 0.5);
      |                                                                  [01;31m[K^~~~~~~~~~~~~~[m[K
[01m[K/home/hrishik/robot_ws/src/my_robot_controller/src/gps_navigator.cpp:123:9:[m[K [01;31m[Kerror: [m[K‘[01m[Kpublish_vel[m[K’ was not declared in this scope
  123 |         [01;31m[Kpublish_vel[m[K(0.2, std::clamp(steer * 1.5, -1.2, 1.2));
      |         [01;31m[K^~~~~~~~~~~[m[K
[01m[K/home/hrishik/robot_ws/src/my_robot_controller/src/gps_navigator.cpp:128:9:[m[K [01;31m[Kerror: [m[K‘[01m[Kpublish_vel[m[K’ was not declared in this scope
  128 |         [01;31m[Kpublish_vel[m[K(0.2, blind_steer);
      |         [01;31m[K^~~~~~~~~~~[m[K
[01m[K/home/hrishik/robot_ws/src/my_robot_controller/src/gps_navigator.cpp:133:13:[m[K [01;31m[Kerror: [m[K‘[01m[Kpublish_vel[m[K’ was not declared in this scope
  133 |             [01;31m[Kpublish_vel[m[K(0.0, 0.0);
      |             [01;31m[K^~~~~~~~~~~[m[K
[01m[K/home/hrishik/robot_ws/src/my_robot_controller/src/gps_navigator.cpp:137:13:[m[K [01;31m[Kerror: [m[K‘[01m[Kpublish_vel[m[K’ was not declared in this scope
  137 |             [01;31m[Kpublish_vel[m[K(0.5, std::clamp(heading_error * 1.5, -1.0, 1.0));
      |             [01;31m[K^~~~~~~~~~~[m[K
[01m[K/home/hrishik/robot_ws/src/my_robot_controller/src/gps_navigator.cpp:[m[K In function ‘[01m[Kvoid publish_vel(double, double)[m[K’:
[01m[K/home/hrishik/robot_ws/src/my_robot_controller/src/gps_navigator.cpp:149:9:[m[K [01;31m[Kerror: [m[K‘[01m[Kcmd_pub_[m[K’ was not declared in this scope
  149 |         [01;31m[Kcmd_pub_[m[K->publish(t);
      |         [01;31m[K^~~~~~~~[m[K
[01m[K/home/hrishik/robot_ws/src/my_robot_controller/src/gps_navigator.cpp:[m[K At global scope:
[01m[K/home/hrishik/robot_ws/src/my_robot_controller/src/gps_navigator.cpp:178:1:[m[K [01;31m[Kerror: [m[Kexpected declaration before ‘[01m[K}[m[K’ token
  178 | [01;31m[K}[m[K;
      | [01;31m[K^[m[K
gmake[2]: *** [CMakeFiles/gps_navigator.dir/build.make:76: CMakeFiles/gps_navigator.dir/src/gps_navigator.cpp.o] Error 1
gmake[1]: *** [CMakeFiles/Makefile2:139: CMakeFiles/gps_navigator.dir/all] Error 2
gmake: *** [Makefile:146: all] Error 2
