[0.009s] Invoking command in '/home/hrishik/robot_ws/build/my_robot_controller': CMAKE_PREFIX_PATH=${CMAKE_PREFIX_PATH}:/opt/ros/humble /usr/bin/cmake --build /home/hrishik/robot_ws/build/my_robot_controller -- -j8 -l8
[0.045s] [35m[1mConsolidate compiler generated dependencies of target obstacle_detector[0m
[0.056s] [ 50%] Built target gps_navigator
[0.062s] [ 75%] [32mBuilding CXX object CMakeFiles/obstacle_detector.dir/src/obstacle_detector.cpp.o[0m
[3.741s] [01m[K/home/hrishik/robot_ws/src/my_robot_controller/src/obstacle_detector.cpp:[m[K In member function ‘[01m[Kvoid ObstacleDetectionNode::processPointCloud()[m[K’:
[3.741s] [01m[K/home/hrishik/robot_ws/src/my_robot_controller/src/obstacle_detector.cpp:47:10:[m[K [01;31m[Kerror: [m[K‘[01m[KPassThrough[m[K’ is not a member of ‘[01m[Kpcl[m[K’
[3.741s]    47 |     pcl::[01;31m[KPassThrough[m[K<pcl::PointXYZ> pass;
[3.741s]       |          [01;31m[K^~~~~~~~~~~[m[K
[3.741s] [01m[K/home/hrishik/robot_ws/src/my_robot_controller/src/obstacle_detector.cpp:47:35:[m[K [01;31m[Kerror: [m[Kexpected primary-expression before ‘[01m[K>[m[K’ token
[3.741s]    47 |     pcl::PassThrough<pcl::PointXYZ[01;31m[K>[m[K pass;
[3.741s]       |                                   [01;31m[K^[m[K
[3.746s] [01m[K/home/hrishik/robot_ws/src/my_robot_controller/src/obstacle_detector.cpp:47:37:[m[K [01;31m[Kerror: [m[K‘[01m[Kpass[m[K’ was not declared in this scope
[3.746s]    47 |     pcl::PassThrough<pcl::PointXYZ> [01;31m[Kpass[m[K;
[3.746s]       |                                     [01;31m[K^~~~[m[K
[3.758s] [01m[K/home/hrishik/robot_ws/src/my_robot_controller/src/obstacle_detector.cpp:51:18:[m[K [01;31m[Kerror: [m[K‘[01m[Kcloud_filtered[m[K’ was not declared in this scope
[3.758s]    51 |     pass.filter(*[01;31m[Kcloud_filtered[m[K);
[3.758s]       |                  [01;31m[K^~~~~~~~~~~~~~[m[K
[5.978s] gmake[2]: *** [CMakeFiles/obstacle_detector.dir/build.make:76: CMakeFiles/obstacle_detector.dir/src/obstacle_detector.cpp.o] Error 1
[5.978s] gmake[1]: *** [CMakeFiles/Makefile2:165: CMakeFiles/obstacle_detector.dir/all] Error 2
[5.978s] gmake: *** [Makefile:146: all] Error 2
[5.980s] Invoked command in '/home/hrishik/robot_ws/build/my_robot_controller' returned '2': CMAKE_PREFIX_PATH=${CMAKE_PREFIX_PATH}:/opt/ros/humble /usr/bin/cmake --build /home/hrishik/robot_ws/build/my_robot_controller -- -j8 -l8
